{
    "conversation_id": [
        "failed--A12345"
    ],
    "date_completed": [
        "2019-12-20T08:41:48.337000"
    ],
    "date_requested": [
        "2019-12-19T18:02:29.985000"
    ],
    "final_error_codes": [
        [30]
    ],
    "intermediate_error_codes": [
        []
    ],
    "requesting_practice_asid": [
        "123456789123"
    ],
    "requesting_supplier": [
        "SupplierB"
    ],
    "sender_error_codes": [
        [null]
    ],
    "sending_practice_asid": [
        "1463547281290"
    ],
    "sending_supplier": [
        "Unknown"
    ],
    "sla_duration": [
        52706
    ],
    "status": [
        "Technical failure"
    ],
    "failure_reason": [
        "Final error"
    ],
     "last_sender_message_timestamp": [
         "2019-12-19T18:03:23.982000"
     ]
}

