{
  "generatedOn": "2020-02-24 16:51:21.353977",
  "practices": [
    {
      "odsCode": "A12345",
      "name": "Test GP Practice with Integrations",
      "metrics": [
        {
          "year": 2019,
          "month": 12,
          "requester": {
            "integrated": {
              "transferCount": 3,
              "within3DaysPercentage": 33.3,
              "within8DaysPercentage": 33.3,
              "beyond8DaysPercentage": 33.3
            }
          }
        }
      ]
    },
    {
      "odsCode": "A12346",
      "name": "Test GP Practice with no Integrations",
      "metrics": [
        {
          "year": 2019,
          "month": 12,
          "requester": {
            "integrated": {
              "transferCount": 0,
              "within3DaysPercentage": null,
              "within8DaysPercentage": null,
              "beyond8DaysPercentage": null
            }
          }
        }
      ]
    },
    {
      "odsCode": "A12347",
      "name": "Test GP Practice with some Integrations",
      "metrics": [
        {
          "year": 2019,
          "month": 12,
          "requester": {
            "integrated": {
              "transferCount": 2,
              "within3DaysPercentage": 50.0,
              "within8DaysPercentage": 50.0,
              "beyond8DaysPercentage": 0.0
            }
          }
        }
      ]
    }
  ],
  "ccgs": [
    {
      "odsCode": "10D",
      "name": "Test CCG",
      "practices": [
        "A12345"
      ]
    },
    {
      "odsCode": "11D",
      "name": "Another Test CCG",
      "practices": [
        "A12346",
        "A12347"
      ]
    }
  ]
}
