{
    "conversation_id": [
        "completed-within-3-days-in-jan--A12345"
    ],
    "date_completed": [
        "2020-01-01T08:41:48.337000"
    ],
    "date_requested": [
        "2019-12-30T18:02:29.985000"
    ],
    "final_error_codes": [
        [null]
    ],
    "intermediate_error_codes": [
        []
    ],
    "requesting_practice_asid": [
        "123456789123"
    ],
    "requesting_practice_ods_code": [
        "H49524"
    ],
    "requesting_practice_name": [
        "Test GP Practice H"
    ],
    "requesting_practice_ccg_ods_code": [
        "11B"
    ],
    "requesting_supplier": [
        "SupplierC"
    ],
    "sender_error_codes": [
        [null]
    ],
    "sending_practice_asid": [
        "003456789123"
    ],
    "sending_practice_ods_code": [
        "B34232"
    ],
    "sending_practice_name": [
        "Test GP Practice B"
    ],
    "sending_practice_ccg_ods_code": [
        "3D"
    ],
    "sending_supplier": [
        "SupplierB"
    ],
    "sla_duration": [
        139106
    ],
    "status": [
        "Integrated on time"
    ],
    "failure_reason": [
        null
    ],
     "last_sender_message_timestamp": [
         "2019-12-30T18:03:23.982000"
     ]
}

