{
    "conversation_id": [
        "integrated-beyond-8-days--A12345",
        "concluded-beyond-14-day-conversation-cutoff--A12345"
    ],
    "date_completed": [
        "2019-12-15T08:41:48.337000",
        null
    ],
    "date_requested": [
        "2019-12-05T18:02:29.985000",
        "2019-12-05T18:02:29.985000"
    ],
    "final_error_codes": [
        [null],
        []
    ],
    "intermediate_error_codes": [
        [],
        []
    ],
    "requesting_practice_asid": [
        "123456789123",
        "123456789123"
    ],
    "requesting_practice_ods_code": [
        "H49524",
        "H49524"
    ],
    "requesting_practice_name": [
        "Test GP Practice H",
        "Test GP Practice H"
    ],
    "requesting_practice_sicbl_ods_code": [
        "11B",
        "11B"
    ],
    "requesting_practice_sicbl_name": [
        "Another Test SICBL",
        "Another Test SICBL"
    ],
    "requesting_supplier": [
        "SupplierC",
        "SupplierC"
    ],
    "sender_error_codes": [
        [null],
        [null]
    ],
    "sending_practice_asid": [
        "003456789123",
        "003456789123"
    ],
    "sending_practice_ods_code": [
        "B34232",
        "B34232"
    ],
    "sending_practice_name": [
        "Test GP Practice B",
        "Test GP Practice B"
    ],
    "sending_practice_sicbl_ods_code": [
        "3D",
        "3D"
    ],
    "sending_practice_sicbl_name": [
        "Test SICBL 3",
        "Test SICBL 3"
    ],
    "sending_supplier": [
        "SupplierA",
        "SupplierA"
    ],
    "sla_duration": [
        830306,
        null
    ],
    "status": [
        "Process failure",
        "Process failure"
    ],
    "failure_reason": [
        "Integrated late",
        "Transferred, not integrated"
    ],
     "last_sender_message_timestamp": [
         "2019-12-05T18:03:23.982000",
         "2019-12-05T18:03:23.982000"
     ]
}

