{
    "conversation_id": [
        "integrated-within-8-days--A12345"
    ],
    "date_completed": [
        "2019-12-06T08:41:48.337000"
    ],
    "date_requested": [
        "2019-12-02T18:02:29.985000"
    ],
    "final_error_codes": [[null]],
    "intermediate_error_codes": [[]],
    "requesting_practice_asid": [
        "123456789123"
    ],
    "requesting_practice_ods_code": [
        "H49524"
    ],
    "requesting_practice_name": [
        "Test GP Practice H"
    ],
    "requesting_practice_ccg_ods_code": [
        "11B"
    ],
    "requesting_practice_ccg_name": [
        "Another Test CCG"
    ],
    "requesting_supplier": [""],
    "sender_error_codes": [[null]],
    "sending_practice_asid": [
        "003456789123"
    ],
    "sending_practice_ods_code": [
        "B34232"
    ],
    "sending_practice_name": [
        "Test GP Practice B"
    ],
     "sending_practice_ccg_ods_code": [
        "3D"
    ],
    "sending_practice_ccg_name": [
        "Test CCG 3"
    ],
    "sending_supplier": [""],
    "sla_duration": [311906],
    "status": [
        "Integrated on time"
    ],
    "failure_reason": [null],
     "last_sender_message_timestamp": [
        "2019-12-02T18:03:23.982000"
     ]
}

