{
    "conversation_id": [
        "completed-within-3-days--A12347",
        "multiple-sender-errors--A12347"
    ],
    "date_completed": [
        "2019-12-31T18:03:24.982000",
        null
    ],
    "date_requested": [
        "2019-12-31T18:02:29.985000",
        "2019-12-31T19:02:29.985000"
    ],
    "final_error_codes": [
        [null],
        []
    ],
    "intermediate_error_codes": [
        [],
        []
    ],
    "requesting_practice_asid": [
        "987654321240",
        "987654321240"
    ],
    "requesting_practice_ods_code": [
        "A12347",
        "A12347"
    ],
    "requesting_supplier": [
        "SupplierC",
        "SupplierC"
    ],
    "sender_error_codes": [
        [null],
        [23, 99]
    ],
    "sending_practice_asid": [
        "003456789123",
        "003456789123"
    ],
    "sending_practice_ods_code": [
        null,
        null
    ],
    "sending_supplier": [
        "SupplierB",
        "SupplierB"
    ],
    "sla_duration": [
        3,
        null
    ],
    "status": [
        "Integrated on time",
        "Technical failure"
    ],
    "failure_reason": [
        null,
        "Contains fatal sender error"
    ],
     "last_sender_message_timestamp": [
         "2019-12-31T18:03:23.982000",
        "2019-12-31T19:03:21.908000"
     ]
}

