{
    "conversation_id": [],
    "date_completed": [],
    "date_requested": [],
    "final_error_codes": [],
    "intermediate_error_codes": [],
    "requesting_practice_asid": [],
    "requesting_practice_ods_code": [],
    "requesting_practice_name": [],
    "requesting_practice_icb_ods_code": [],
    "requesting_practice_icb_name": [],
    "requesting_supplier": [],
    "sender_error_codes": [],
    "sending_practice_asid": [],
    "sending_practice_ods_code": [],
    "sending_practice_name": [],
    "sending_practice_icb_ods_code": [],
    "sending_practice_icb_name": [],
    "sending_supplier": [],
    "sla_duration": [],
    "status": [],
    "failure_reason": [],
     "last_sender_message_timestamp": []
}

