{
    "conversation_id": [
        "awaiting-integration--A12345"
    ],
    "date_completed": [
        null
    ],
    "date_requested": [
        "2019-12-20T18:02:29.985000"
    ],
    "final_error_codes": [
        []
    ],
    "intermediate_error_codes": [
        []
    ],
    "requesting_practice_asid": [
        "123456789123"
    ],
    "requesting_supplier": [
        "SupplierA"
    ],
    "sender_error_codes": [
        [null]
    ],
    "sending_practice_asid": [
        "003456789123"
    ],
    "sending_supplier": [
        "SupplierB"
    ],
    "sla_duration": [
        null
    ],
    "status": [
        "Process failure"
    ],
    "failure_reason": [
        "Transferred, not integrated"
    ],
     "last_sender_message_timestamp": [
         "2019-12-20T18:02:31.985000"
     ]
}

