{
    "conversation_id": [
        "integrated-within-8-days--A12345",
        "integrated-within-8-days--A12347",
        "integrated-beyond-8-days--A12345",
        "concluded-beyond-14-day-conversation-cutoff--A12345",
        "failed--A12345",
        "awaiting-integration--A12345",
        "completed-within-3-days-in-jan--A12345",
        "completed-within-3-days--A12347",
        "multiple-sender-errors--A12347"
    ],
    "date_completed": [
        "2019-12-06T08:41:48.337000",
        "2019-12-07T08:41:48.337000",
        "2019-12-15T08:41:48.337000",
        null,
        "2019-12-20T08:41:48.337000",
        null,
        "2020-01-01T08:41:48.337000",
        "2019-12-31T18:03:24.982000",
        null
    ],
    "date_requested": [
        "2019-12-02T18:02:29.985000",
        "2019-12-03T18:02:29.985000",
        "2019-12-05T18:02:29.985000",
        "2019-12-05T18:02:29.985000",
        "2019-12-19T18:02:29.985000",
        "2019-12-20T18:02:29.985000",
        "2019-12-30T18:02:29.985000",
        "2019-12-31T18:02:29.985000",
        "2019-12-31T19:02:29.985000"
    ],
    "final_error_codes": [[null],[null], [null], [], [30], [], [null], [null], []],
    "intermediate_error_codes": [[], [], [], [], [], [], [], [], []],
    "requesting_practice_asid": [
        "123456789123",
        "987654321240",
        "123456789123",
        "123456789123",
        "123456789123",
        "123456789123",
        "123456789123",
        "987654321240",
        "987654321240"
    ],
    "requesting_supplier": ["", "", "SupplierC", "SupplierC","SupplierB", "SupplierA", "SupplierC" ,"SupplierC", "SupplierC"],
    "sender_error_codes": [[null], [null], [null], [null], [null], [null], [null], [null], [23, 99]],
    "sending_practice_asid": [
        "003456789123",
        "003456789123",
        "003456789123",
        "003456789123",
        "003456789123",
        "003456789123",
        "003456789123",
        "003456789123",
        "003456789123"
    ],
    "sending_supplier": ["", "", "SupplierA","SupplierA", "Unknown", "SupplierB", "SupplierB", "SupplierB", "SupplierB"],
    "sla_duration": [311906, 311906, 830306, null, 52706, null, 139106, 3, null],
    "status": [
        "Integrated on time",
        "Integrated on time",
        "Process failure",
        "Process failure",
        "Technical failure",
        "Process failure",
        "Integrated on time",
        "Integrated on time",
        "Technical failure"
    ],
    "failure_reason": [null, null, "Integrated late", "Transferred, not integrated", "Final error", "Transferred, not integrated", null, null, "Contains fatal sender error"],
     "last_sender_message_timestamp": [
        "2019-12-02T18:03:23.982000",
         "2019-12-03T18:03:23.982000",
         "2019-12-05T18:03:23.982000",
         "2019-12-05T18:03:23.982000",
         "2019-12-19T18:03:23.982000",
         "2019-12-20T18:02:31.985000",
         "2019-12-30T18:03:23.982000",
         "2019-12-31T18:03:23.982000",
        "2019-12-31T19:03:21.908000"]
}

